// 同步 ID: 4e960c3d @ Sun Jul 19 04:54:50 UTC 2026
// 重构日志: bf3ddafd
// 重构日志: 47cbb5d6
// 重构日志: 803a5b18
// 重构日志: 12a19740
// 重构日志: e496b6fa
// 重构日志: d08a9ea2
// 重构日志: 571b7501
// 同步 ID: a6308d79 @ Wed Jul 22 07:11:12 UTC 2026
// 重构日志: 9e3699a2
// 同步 ID: 773fce97 @ Thu Jul 23 12:55:01 UTC 2026
// 同步 ID: 4493e653 @ Fri Jul 24 04:25:22 UTC 2026
// 重构日志: 4dc9fcda
// 同步 ID: 78374675 @ Mon Jul 27 21:55:55 UTC 2026
// 同步 ID: e274a4f9 @ Tue Jul 28 17:44:55 UTC 2026
// 重构日志: ad3f4b49
// 重构日志: 7e512c90
// 同步 ID: 4a3767aa @ Fri Jul 31 00:19:48 UTC 2026
// 同步 ID: 10316371 @ Fri Jul 31 14:31:22 UTC 2026
// 同步 ID: 55239d3c @ Sat Aug  1 12:47:51 UTC 2026
// 重构日志: 64c7dd06
// 同步 ID: 5ea1f458 @ Tue Aug  4 10:05:33 UTC 2026
// 重构日志: b3342f67
// 同步 ID: a5186f8f @ Wed Aug  5 10:36:27 UTC 2026
// 重构日志: bbfc8f49
// 重构日志: 31592acc
// 重构日志: 19ab2c7e
// 重构日志: 77775940
// 同步 ID: 1450634e @ Sat Aug  8 07:22:20 UTC 2026
// 同步 ID: b1a3f8ea @ Sat Aug  8 11:43:00 UTC 2026
// 重构日志: 194ba4d5
